/home/jcwill/Projects/ptp/.venv/lib/python3.13/site-packages/lightning/fabric/plugins/environments/slurm.py:204: The `srun` command is available on your system but is not used. HINT: If your intention is to run Lightning on SLURM, prepend your python command with `srun` like so: srun python3 /home/jcwill/Projects/ptp/.venv/bin/ptp_train /extr ...
Using bfloat16 Automatic Mixed Precision (AMP)
GPU available: True (cuda), used: True
TPU available: False, using: 0 TPU cores
💡 Tip: For seamless cloud logging and experiment tracking, try installing [litlogger](https://pypi.org/project/litlogger/) to enable LitLogger, which logs metrics and artifacts automatically to the Lightning Experiments platform.
training:
  n_epochs: 100000
  precision: bf16-mixed
  eval_every_steps: 400
  wandb_project: ptp-distill
  ckpt_dir: /extra/ucibdl1/jcwill/ptp/checkpoints/vicuna_old_sharegpt
  check_point_interval:
    minutes: 30
model:
  _target_: ptp.lit.ParallelSamplingLightningModule
  self_mode: false
  optim_cfg:
    lr: 0.0001
    lr_warmup: 1000
  model:
    _target_: ptp.transformer.MixedTransformerModel
    model_id: lmsys/vicuna-7b-v1.5
    dtype: float16
    adapter_name: binary
    lora_config:
      r: 128
      target_modules: all-linear
data:
  _target_: ptp.data.load.PregeneratedDataModule
  root_dir: EXP_DIR/data
  experiment_dir: /extra/ucibdl1/jcwill/ptp/checkpoints/vicuna_old_sharegpt
  tokenizer: lmsys/vicuna-7b-v1.5
  num_completions: 8
  train_completion_len: 16
  batch_size: 2
  num_workers: 4

==================================================
num nodes: 1
==================================================
Saving checkpoints to /extra/ucibdl1/jcwill/ptp/checkpoints/vicuna_old_sharegpt
Reduced flex_attention triton block sizes for this GPU's shared memory
Loading weights:   0%|          | 0/291 [00:00<?, ?it/s]Loading weights: 100%|██████████| 291/291 [00:00<00:00, 56514.44it/s]
The following generation flags are not valid and may be ignored: ['temperature', 'top_p']. Set `TRANSFORMERS_VERBOSITY=info` for more details.
wandb: WARNING The anonymous setting has no effect and will be removed in a future version.
wandb: [wandb.login()] Loaded credentials for https://api.wandb.ai from /home/jcwill/.netrc.
wandb: Currently logged in as: jukamala to https://api.wandb.ai. Use `wandb login --relogin` to force relogin
wandb: Tracking run with wandb version 0.27.0
wandb: Run data is saved locally in wandb/run-20260912_015657-vicuna_old_sharegpt
wandb: Run `wandb offline` to turn off syncing.
wandb: Resuming run vicuna_old_sharegpt
wandb: ⭐️ View project at https://wandb.ai/jukamala/ptp-distill
wandb: 🚀 View run at https://wandb.ai/jukamala/ptp-distill/runs/vicuna_old_sharegpt
/home/jcwill/Projects/ptp/.venv/lib/python3.13/site-packages/lightning/pytorch/callbacks/model_checkpoint.py:881: Checkpoint directory /extra/ucibdl1/jcwill/ptp/checkpoints/vicuna_old_sharegpt exists and is not empty.
Restoring states from the checkpoint path at /extra/ucibdl1/jcwill/ptp/checkpoints/vicuna_old_sharegpt/last.ckpt
LOCAL_RANK: 0 - CUDA_VISIBLE_DEVICES: [0]
/home/jcwill/Projects/ptp/.venv/lib/python3.13/site-packages/lightning/pytorch/utilities/model_summary/model_summary.py:242: Precision bf16-mixed is not supported by the model summary.  Estimated model size in MB will not be accurate. Using 32 bits instead.
Applying LoRA adapters
No validation data found; using 1000 train items for validation
┏━━━┳━━━━━━━┳━━━━━━━━━━━━━━━━━━━━━━━┳━━━━━━━━┳━━━━━━━┳━━━━━━━┓
┃   ┃ Name  ┃ Type                  ┃ Params ┃ Mode  ┃ FLOPs ┃
┡━━━╇━━━━━━━╇━━━━━━━━━━━━━━━━━━━━━━━╇━━━━━━━━╇━━━━━━━╇━━━━━━━┩
│ 0 │ model │ MixedTransformerModel │  7.1 B │ train │     0 │
└───┴───────┴───────────────────────┴────────┴───────┴───────┘
Trainable params: 319 M                                                         
Non-trainable params: 6.7 B                                                     
Total params: 7.1 B                                                             
Total estimated model params size (MB): 28.2 K                                  
Modules in train mode: 2668                                                     
Modules in eval mode: 0                                                         
Total FLOPs: 0                                                                  
Restored all states from the checkpoint at /extra/ucibdl1/jcwill/ptp/checkpoints/vicuna_old_sharegpt/last.ckpt
/home/jcwill/Projects/ptp/.venv/lib/python3.13/site-packages/lightning/pytorch/utilities/_pytree.py:21: `isinstance(treespec, LeafSpec)` is deprecated, use `isinstance(treespec, TreeSpec) and treespec.is_leaf()` instead.
/home/jcwill/Projects/ptp/.venv/lib/python3.13/site-packages/lightning/pytorch/loops/training_epoch_loop.py:224: You're resuming from a checkpoint that ended before the epoch ended and your dataloader is not resumable. This can cause unreliable results if further training is done. Consider using an end-of-epoch checkpoint or make your dataloader resumable by implementing the `state_dict` / `load_state_dict` interface.
/home/jcwill/Projects/ptp/.venv/lib/python3.13/site-packages/lightning/pytorch/utilities/data.py:79: Trying to infer the `batch_size` from an ambiguous collection. The batch size we found is 2. To avoid any miscalculations, use `self.log(..., batch_size=batch_size)`.
