Loading checkpoint: /extra/ucibdl1/jcwill/ptp/checkpoints/vicuna_old/last.ckpt
Loading weights:   0%|          | 0/291 [00:00<?, ?it/s]Loading weights: 100%|██████████| 291/291 [00:00<00:00, 58259.78it/s]
The following generation flags are not valid and may be ignored: ['temperature', 'top_p']. Set `TRANSFORMERS_VERBOSITY=info` for more details.
Applying LoRA adapters
Warning: last.ckpt is newer than cached correct_count_hist.pt; using cached histogram.
k=1000 example=81 (1/100) n_rounds=68 sum=300 dt=763.3s elapsed=12.7m eta=1259.5m
k=1000 example=82 (2/100) n_rounds=29 sum=158 dt=331.0s elapsed=18.2m eta=893.7m
k=1000 example=83 (3/100) n_rounds=68 sum=300 dt=773.4s elapsed=31.1m eta=1006.5m
k=1000 example=84 (4/100) n_rounds=58 sum=300 dt=635.5s elapsed=41.7m eta=1001.3m
k=1000 example=85 (5/100) n_rounds=64 sum=300 dt=728.2s elapsed=53.9m eta=1023.3m
k=1000 example=86 (6/100) n_rounds=93 sum=300 dt=1027.9s elapsed=71.0m eta=1112.2m
k=1000 example=87 (7/100) n_rounds=75 sum=300 dt=833.6s elapsed=84.9m eta=1127.7m
k=1000 example=88 (8/100) n_rounds=46 sum=169 dt=525.6s elapsed=93.6m eta=1076.9m
k=1000 example=89 (9/100) n_rounds=60 sum=300 dt=682.0s elapsed=105.0m eta=1061.8m
k=1000 example=90 (10/100) n_rounds=16 sum=87 dt=183.6s elapsed=108.1m eta=972.6m
k=1000 example=91 (11/100) n_rounds=34 sum=135 dt=388.8s elapsed=114.5m eta=926.8m
k=1000 example=92 (12/100) n_rounds=27 sum=120 dt=308.6s elapsed=119.7m eta=877.8m
k=1000 example=93 (13/100) n_rounds=24 sum=120 dt=275.1s elapsed=124.3m eta=831.7m
k=1000 example=94 (14/100) n_rounds=44 sum=295 dt=499.5s elapsed=132.6m eta=814.6m
k=1000 example=95 (15/100) n_rounds=30 sum=129 dt=344.0s elapsed=138.3m eta=783.9m
k=1000 example=96 (16/100) n_rounds=47 sum=285 dt=540.5s elapsed=147.3m eta=773.6m
k=1000 example=97 (17/100) n_rounds=60 sum=300 dt=667.9s elapsed=158.5m eta=773.7m
k=1000 example=98 (18/100) n_rounds=24 sum=107 dt=274.9s elapsed=163.1m eta=742.8m
k=1000 example=99 (19/100) n_rounds=61 sum=300 dt=695.7s elapsed=174.7m eta=744.6m
k=1000 example=100 (20/100) n_rounds=43 sum=239 dt=494.0s elapsed=182.9m eta=731.6m
k=1000 example=101 (21/100) n_rounds=43 sum=230 dt=492.5s elapsed=191.1m eta=718.9m
k=1000 example=102 (22/100) n_rounds=40 sum=208 dt=457.7s elapsed=198.7m eta=704.6m
k=1000 example=103 (23/100) n_rounds=47 sum=300 dt=532.4s elapsed=207.6m eta=695.0m
k=1000 example=104 (24/100) n_rounds=6 sum=32 dt=68.7s elapsed=208.7m eta=661.0m
k=1000 example=105 (25/100) n_rounds=39 sum=300 dt=433.1s elapsed=216.0m eta=647.9m
k=1000 example=106 (26/100) n_rounds=96 sum=300 dt=1074.8s elapsed=233.9m eta=665.6m
k=1000 example=107 (27/100) n_rounds=2 sum=12 dt=22.9s elapsed=234.3m eta=633.4m
k=1000 example=108 (28/100) n_rounds=45 sum=225 dt=514.3s elapsed=242.8m eta=624.4m
k=1000 example=109 (29/100) n_rounds=52 sum=300 dt=581.5s elapsed=252.5m eta=618.2m
k=1000 example=110 (30/100) n_rounds=56 sum=300 dt=635.3s elapsed=263.1m eta=613.9m
k=1000 example=111 (31/100) n_rounds=81 sum=300 dt=899.4s elapsed=278.1m eta=619.0m
k=1000 example=112 (32/100) n_rounds=16 sum=95 dt=183.3s elapsed=281.2m eta=597.5m
k=1000 example=113 (33/100) n_rounds=29 sum=129 dt=331.8s elapsed=286.7m eta=582.1m
k=1000 example=114 (34/100) n_rounds=59 sum=300 dt=663.2s elapsed=297.7m eta=578.0m
k=1000 example=115 (35/100) n_rounds=59 sum=300 dt=648.9s elapsed=308.6m eta=573.0m
k=1000 example=116 (36/100) n_rounds=72 sum=300 dt=808.2s elapsed=322.0m eta=572.5m
k=1000 example=117 (37/100) n_rounds=47 sum=246 dt=537.9s elapsed=331.0m eta=563.6m
k=1000 example=118 (38/100) n_rounds=34 sum=157 dt=388.3s elapsed=337.5m eta=550.6m
k=1000 example=119 (39/100) n_rounds=74 sum=300 dt=824.9s elapsed=351.2m eta=549.3m
k=1000 example=120 (40/100) n_rounds=33 sum=164 dt=377.5s elapsed=357.5m eta=536.3m
k=1000 example=121 (41/100) n_rounds=72 sum=300 dt=813.4s elapsed=371.1m eta=534.0m
k=1000 example=122 (42/100) n_rounds=80 sum=300 dt=880.7s elapsed=385.7m eta=532.7m
k=1000 example=123 (43/100) n_rounds=87 sum=300 dt=955.5s elapsed=401.7m eta=532.4m
k=1000 example=124 (44/100) n_rounds=44 sum=237 dt=500.9s elapsed=410.0m eta=521.8m
k=1000 example=125 (45/100) n_rounds=71 sum=300 dt=780.0s elapsed=423.0m eta=517.0m
k=1000 example=126 (46/100) n_rounds=73 sum=300 dt=811.8s elapsed=436.5m eta=512.5m
k=1000 example=127 (47/100) n_rounds=78 sum=300 dt=868.6s elapsed=451.0m eta=508.6m
k=1000 example=128 (48/100) n_rounds=81 sum=300 dt=882.3s elapsed=465.7m eta=504.5m
k=1000 example=129 (49/100) n_rounds=72 sum=300 dt=798.8s elapsed=479.0m eta=498.6m
k=1000 example=130 (50/100) n_rounds=53 sum=230 dt=597.8s elapsed=489.0m eta=489.0m
k=1000 example=131 (51/100) n_rounds=20 sum=91 dt=226.8s elapsed=492.8m eta=473.5m
k=1000 example=132 (52/100) n_rounds=4 sum=23 dt=45.6s elapsed=493.5m eta=455.6m
k=1000 example=133 (53/100) n_rounds=19 sum=108 dt=218.1s elapsed=497.2m eta=440.9m
k=1000 example=134 (54/100) n_rounds=16 sum=98 dt=182.0s elapsed=500.2m eta=426.1m
k=1000 example=135 (55/100) n_rounds=21 sum=106 dt=238.8s elapsed=504.2m eta=412.5m
k=1000 example=136 (56/100) n_rounds=10 sum=56 dt=114.1s elapsed=506.1m eta=397.6m
k=1000 example=137 (57/100) n_rounds=17 sum=75 dt=193.3s elapsed=509.3m eta=384.2m
k=1000 example=138 (58/100) n_rounds=18 sum=96 dt=206.2s elapsed=512.8m eta=371.3m
k=1000 example=139 (59/100) n_rounds=66 sum=300 dt=728.5s elapsed=524.9m eta=364.8m
k=1000 example=140 (60/100) n_rounds=56 sum=300 dt=625.1s elapsed=535.3m eta=356.9m
k=1000 example=141 (61/100) n_rounds=55 sum=300 dt=602.8s elapsed=545.4m eta=348.7m
k=1000 example=142 (62/100) n_rounds=56 sum=300 dt=620.7s elapsed=555.7m eta=340.6m
k=1000 example=143 (63/100) n_rounds=47 sum=300 dt=520.9s elapsed=564.4m eta=331.5m
k=1000 example=144 (64/100) n_rounds=42 sum=300 dt=465.7s elapsed=572.1m eta=321.8m
k=1000 example=145 (65/100) n_rounds=72 sum=300 dt=787.7s elapsed=585.3m eta=315.1m
k=1000 example=146 (66/100) n_rounds=61 sum=300 dt=674.3s elapsed=596.5m eta=307.3m
k=1000 example=147 (67/100) n_rounds=54 sum=300 dt=601.1s elapsed=606.5m eta=298.7m
k=1000 example=148 (68/100) n_rounds=59 sum=300 dt=644.0s elapsed=617.3m eta=290.5m
k=1000 example=149 (69/100) n_rounds=44 sum=300 dt=473.7s elapsed=625.2m eta=280.9m
k=1000 example=150 (70/100) n_rounds=52 sum=300 dt=576.9s elapsed=634.8m eta=272.0m
k=1000 example=151 (71/100) n_rounds=47 sum=300 dt=520.0s elapsed=643.4m eta=262.8m
k=1000 example=152 (72/100) n_rounds=40 sum=202 dt=451.5s elapsed=651.0m eta=253.2m
k=1000 example=153 (73/100) n_rounds=64 sum=300 dt=701.1s elapsed=662.7m eta=245.1m
k=1000 example=154 (74/100) n_rounds=67 sum=300 dt=739.9s elapsed=675.0m eta=237.2m
k=1000 example=155 (75/100) n_rounds=46 sum=300 dt=509.7s elapsed=683.5m eta=227.8m
k=1000 example=156 (76/100) n_rounds=57 sum=300 dt=632.9s elapsed=694.0m eta=219.2m
k=1000 example=157 (77/100) n_rounds=57 sum=300 dt=629.6s elapsed=704.5m eta=210.4m
k=1000 example=158 (78/100) n_rounds=37 sum=186 dt=417.4s elapsed=711.5m eta=200.7m
k=1000 example=159 (79/100) n_rounds=57 sum=300 dt=625.1s elapsed=721.9m eta=191.9m
k=1000 example=160 (80/100) n_rounds=64 sum=300 dt=702.6s elapsed=733.6m eta=183.4m
k=1000 example=161 (81/100) n_rounds=44 sum=205 dt=496.7s elapsed=741.9m eta=174.0m
k=1000 example=162 (82/100) n_rounds=8 sum=36 dt=90.3s elapsed=743.4m eta=163.2m
k=1000 example=163 (83/100) n_rounds=11 sum=40 dt=124.4s elapsed=745.5m eta=152.7m
k=1000 example=164 (84/100) n_rounds=2 sum=10 dt=22.7s elapsed=745.8m eta=142.1m
k=1000 example=165 (85/100) n_rounds=35 sum=175 dt=396.0s elapsed=752.4m eta=132.8m
k=1000 example=166 (86/100) n_rounds=11 sum=57 dt=124.5s elapsed=754.5m eta=122.8m
k=1000 example=167 (87/100) n_rounds=6 sum=29 dt=67.8s elapsed=755.7m eta=112.9m
k=1000 example=168 (88/100) n_rounds=4 sum=25 dt=45.2s elapsed=756.4m eta=103.1m
k=1000 example=169 (89/100) n_rounds=6 sum=26 dt=67.8s elapsed=757.5m eta=93.6m
k=1000 example=170 (90/100) n_rounds=5 sum=24 dt=56.4s elapsed=758.5m eta=84.3m
k=1000 example=171 (91/100) n_rounds=7 sum=35 dt=79.0s elapsed=759.8m eta=75.1m
k=1000 example=172 (92/100) n_rounds=36 sum=96 dt=404.2s elapsed=766.5m eta=66.7m
k=1000 example=173 (93/100) n_rounds=8 sum=46 dt=90.1s elapsed=768.0m eta=57.8m
k=1000 example=174 (94/100) n_rounds=3 sum=10 dt=33.8s elapsed=768.6m eta=49.1m
k=1000 example=175 (95/100) n_rounds=2 sum=12 dt=22.6s elapsed=769.0m eta=40.5m
k=1000 example=176 (96/100) n_rounds=4 sum=23 dt=45.2s elapsed=769.7m eta=32.1m
k=1000 example=177 (97/100) n_rounds=34 sum=115 dt=383.0s elapsed=776.1m eta=24.0m
k=1000 example=178 (98/100) n_rounds=9 sum=39 dt=101.6s elapsed=777.8m eta=15.9m
k=1000 example=179 (99/100) n_rounds=9 sum=64 dt=102.1s elapsed=779.5m eta=7.9m
k=1000 example=180 (100/100) n_rounds=6 sum=17 dt=67.7s elapsed=780.6m eta=0.0m
DONE: collected 4187 per-call samples for k=1000 across 100 examples
