Loading checkpoint: /extra/ucibdl1/jcwill/ptp/checkpoints/vicuna_old/last.ckpt
Loading weights:   0%|          | 0/291 [00:00<?, ?it/s]Loading weights: 100%|██████████| 291/291 [00:00<00:00, 44782.33it/s]
The following generation flags are not valid and may be ignored: ['temperature', 'top_p']. Set `TRANSFORMERS_VERBOSITY=info` for more details.
Applying LoRA adapters
Warning: last.ckpt is newer than cached correct_count_hist.pt; using cached histogram.
k=1000 example=81 (1/100) n_rounds=63 sum=300 dt=710.0s elapsed=11.8m eta=1171.4m
k=1000 example=82 (2/100) n_rounds=27 sum=165 dt=312.7s elapsed=17.0m eta=835.2m
k=1000 example=83 (3/100) n_rounds=63 sum=300 dt=707.3s elapsed=28.8m eta=932.3m
slurmstepd: error: *** JOB 593345 ON ava-m6 CANCELLED AT 2026-08-24T13:55:27 ***
Resuming: 3 examples / 153 samples already in /home/jcwill/Projects/ptp/scratch/vicuna_old_seqn_choice1000_percall_full.json
Loading checkpoint: /extra/ucibdl1/jcwill/ptp/checkpoints/vicuna_old/last.ckpt
Loading weights:   0%|          | 0/291 [00:00<?, ?it/s]Loading weights: 100%|██████████| 291/291 [00:00<00:00, 37746.79it/s]
The following generation flags are not valid and may be ignored: ['temperature', 'top_p']. Set `TRANSFORMERS_VERBOSITY=info` for more details.
Applying LoRA adapters
Warning: last.ckpt is newer than cached correct_count_hist.pt; using cached histogram.
k=1000 example=84 (4/100) n_rounds=61 sum=300 dt=947.7s elapsed=15.8m eta=1516.3m
k=1000 example=85 (5/100) n_rounds=81 sum=299 dt=1241.3s elapsed=36.5m eta=1733.0m
k=1000 example=86 (6/100) n_rounds=72 sum=287 dt=1134.9s elapsed=55.4m eta=1735.8m
k=1000 example=87 (7/100) n_rounds=73 sum=300 dt=1120.2s elapsed=74.1m eta=1722.1m
k=1000 example=88 (8/100) n_rounds=50 sum=197 dt=786.9s elapsed=87.2m eta=1604.2m
k=1000 example=89 (9/100) n_rounds=37 sum=132 dt=581.6s elapsed=96.9m eta=1469.3m
k=1000 example=90 (10/100) n_rounds=14 sum=85 dt=222.0s elapsed=100.6m eta=1293.1m
k=1000 example=91 (11/100) n_rounds=32 sum=137 dt=504.6s elapsed=109.0m eta=1212.5m
k=1000 example=92 (12/100) n_rounds=23 sum=81 dt=361.3s elapsed=115.0m eta=1124.5m
k=1000 example=93 (13/100) n_rounds=24 sum=127 dt=378.6s elapsed=121.3m eta=1055.5m
k=1000 example=94 (14/100) n_rounds=50 sum=300 dt=781.7s elapsed=134.3m eta=1050.4m
k=1000 example=95 (15/100) n_rounds=19 sum=71 dt=299.8s elapsed=139.3m eta=987.0m
k=1000 example=96 (16/100) n_rounds=46 sum=257 dt=726.9s elapsed=151.5m eta=978.7m
k=1000 example=97 (17/100) n_rounds=56 sum=247 dt=885.8s elapsed=166.2m eta=985.5m
k=1000 example=98 (18/100) n_rounds=35 sum=125 dt=550.4s elapsed=175.4m eta=958.8m
k=1000 example=99 (19/100) n_rounds=41 sum=140 dt=644.6s elapsed=186.1m eta=942.3m
k=1000 example=100 (20/100) n_rounds=52 sum=248 dt=821.3s elapsed=199.8m eta=940.4m
k=1000 example=101 (21/100) n_rounds=14 sum=55 dt=219.7s elapsed=203.5m eta=893.1m
k=1000 example=102 (22/100) n_rounds=2 sum=12 dt=31.5s elapsed=204.0m eta=837.5m
k=1000 example=103 (23/100) n_rounds=51 sum=300 dt=772.4s elapsed=216.9m eta=835.0m
k=1000 example=104 (24/100) n_rounds=7 sum=33 dt=109.8s elapsed=218.7m eta=791.6m
k=1000 example=105 (25/100) n_rounds=2 sum=13 dt=31.9s elapsed=219.3m eta=747.4m
k=1000 example=106 (26/100) n_rounds=39 sum=207 dt=615.2s elapsed=229.5m eta=738.4m
k=1000 example=107 (27/100) n_rounds=2 sum=12 dt=31.5s elapsed=230.0m eta=699.7m
k=1000 example=108 (28/100) n_rounds=7 sum=36 dt=109.7s elapsed=231.9m eta=667.8m
k=1000 example=109 (29/100) n_rounds=27 sum=140 dt=425.4s elapsed=238.9m eta=652.5m
k=1000 example=110 (30/100) n_rounds=19 sum=92 dt=300.3s elapsed=244.0m eta=632.5m
k=1000 example=111 (31/100) n_rounds=60 sum=268 dt=946.6s elapsed=259.7m eta=640.1m
k=1000 example=112 (32/100) n_rounds=16 sum=93 dt=251.7s elapsed=263.9m eta=618.9m
k=1000 example=113 (33/100) n_rounds=67 sum=300 dt=1015.5s elapsed=280.9m eta=627.2m
k=1000 example=114 (34/100) n_rounds=22 sum=93 dt=345.1s elapsed=286.6m eta=610.2m
k=1000 example=115 (35/100) n_rounds=53 sum=263 dt=837.9s elapsed=300.6m eta=610.5m
k=1000 example=116 (36/100) n_rounds=54 sum=209 dt=850.0s elapsed=314.7m eta=610.4m
k=1000 example=117 (37/100) n_rounds=63 sum=300 dt=972.5s elapsed=330.9m eta=613.2m
k=1000 example=118 (38/100) n_rounds=41 sum=202 dt=645.1s elapsed=341.7m eta=605.3m
k=1000 example=119 (39/100) n_rounds=7 sum=37 dt=110.0s elapsed=343.5m eta=582.1m
k=1000 example=120 (40/100) n_rounds=25 sum=123 dt=392.9s elapsed=350.1m eta=567.7m
k=1000 example=121 (41/100) n_rounds=84 sum=300 dt=1300.4s elapsed=371.8m eta=577.2m
k=1000 example=122 (42/100) n_rounds=82 sum=300 dt=1258.5s elapsed=392.7m eta=584.1m
k=1000 example=123 (43/100) n_rounds=82 sum=300 dt=1262.5s elapsed=413.8m eta=589.6m
k=1000 example=124 (44/100) n_rounds=69 sum=300 dt=1073.9s elapsed=431.7m eta=589.6m
k=1000 example=125 (45/100) n_rounds=62 sum=300 dt=953.5s elapsed=447.6m eta=586.1m
k=1000 example=126 (46/100) n_rounds=77 sum=300 dt=1191.4s elapsed=467.4m eta=587.0m
k=1000 example=127 (47/100) n_rounds=76 sum=300 dt=1173.1s elapsed=487.0m eta=586.6m
k=1000 example=128 (48/100) n_rounds=65 sum=300 dt=997.5s elapsed=503.6m eta=581.9m
k=1000 example=129 (49/100) n_rounds=78 sum=300 dt=1209.6s elapsed=523.8m eta=580.7m
k=1000 example=130 (50/100) n_rounds=70 sum=300 dt=1076.7s elapsed=541.7m eta=576.3m
k=1000 example=131 (51/100) n_rounds=4 sum=14 dt=63.3s elapsed=542.8m eta=554.1m
k=1000 example=132 (52/100) n_rounds=4 sum=23 dt=63.6s elapsed=543.8m eta=532.7m
k=1000 example=133 (53/100) n_rounds=19 sum=103 dt=304.7s elapsed=548.9m eta=516.0m
k=1000 example=134 (54/100) n_rounds=6 sum=32 dt=95.4s elapsed=550.5m eta=496.5m
k=1000 example=135 (55/100) n_rounds=20 sum=107 dt=317.2s elapsed=555.8m eta=481.0m
k=1000 example=136 (56/100) n_rounds=4 sum=19 dt=63.8s elapsed=556.8m eta=462.3m
k=1000 example=137 (57/100) n_rounds=16 sum=68 dt=254.1s elapsed=561.1m eta=446.8m
k=1000 example=138 (58/100) n_rounds=8 sum=40 dt=128.1s elapsed=563.2m eta=430.1m
k=1000 example=139 (59/100) n_rounds=48 sum=226 dt=764.3s elapsed=575.9m eta=421.7m
k=1000 example=140 (60/100) n_rounds=60 sum=300 dt=940.7s elapsed=591.6m eta=415.2m
k=1000 example=141 (61/100) n_rounds=55 sum=300 dt=842.1s elapsed=605.7m eta=407.3m
k=1000 example=142 (62/100) n_rounds=34 sum=193 dt=536.2s elapsed=614.6m eta=395.8m
k=1000 example=143 (63/100) n_rounds=38 sum=289 dt=600.5s elapsed=624.6m eta=385.2m
k=1000 example=144 (64/100) n_rounds=42 sum=300 dt=650.1s elapsed=635.4m eta=375.0m
k=1000 example=145 (65/100) n_rounds=67 sum=300 dt=1033.3s elapsed=652.7m eta=368.4m
k=1000 example=146 (66/100) n_rounds=60 sum=300 dt=930.5s elapsed=668.2m eta=360.6m
k=1000 example=147 (67/100) n_rounds=54 sum=300 dt=835.1s elapsed=682.1m eta=351.7m
k=1000 example=148 (68/100) n_rounds=57 sum=300 dt=884.3s elapsed=696.8m eta=343.1m
k=1000 example=149 (69/100) n_rounds=45 sum=300 dt=692.8s elapsed=708.4m eta=332.7m
k=1000 example=150 (70/100) n_rounds=48 sum=300 dt=732.2s elapsed=720.6m eta=322.6m
k=1000 example=151 (71/100) n_rounds=45 sum=300 dt=683.7s elapsed=732.0m eta=312.2m
k=1000 example=152 (72/100) n_rounds=49 sum=269 dt=772.5s elapsed=744.8m eta=302.3m
k=1000 example=153 (73/100) n_rounds=57 sum=300 dt=879.3s elapsed=759.5m eta=293.0m
k=1000 example=154 (74/100) n_rounds=53 sum=300 dt=818.9s elapsed=773.1m eta=283.1m
k=1000 example=155 (75/100) n_rounds=50 sum=300 dt=765.5s elapsed=785.9m eta=272.9m
k=1000 example=156 (76/100) n_rounds=57 sum=300 dt=879.4s elapsed=800.6m eta=263.2m
k=1000 example=157 (77/100) n_rounds=43 sum=300 dt=669.7s elapsed=811.7m eta=252.3m
k=1000 example=158 (78/100) n_rounds=52 sum=236 dt=818.1s elapsed=825.4m eta=242.1m
k=1000 example=159 (79/100) n_rounds=54 sum=300 dt=829.3s elapsed=839.2m eta=231.9m
k=1000 example=160 (80/100) n_rounds=70 sum=300 dt=1078.0s elapsed=857.2m eta=222.6m
k=1000 example=161 (81/100) n_rounds=5 sum=21 dt=78.5s elapsed=858.5m eta=209.1m
k=1000 example=162 (82/100) n_rounds=8 sum=37 dt=125.6s elapsed=860.6m eta=196.1m
k=1000 example=163 (83/100) n_rounds=12 sum=42 dt=188.2s elapsed=863.7m eta=183.5m
k=1000 example=164 (84/100) n_rounds=2 sum=10 dt=31.5s elapsed=864.2m eta=170.7m
k=1000 example=165 (85/100) n_rounds=2 sum=15 dt=31.5s elapsed=864.7m eta=158.2m
k=1000 example=166 (86/100) n_rounds=10 sum=54 dt=157.3s elapsed=867.4m eta=146.3m
k=1000 example=167 (87/100) n_rounds=6 sum=29 dt=94.2s elapsed=868.9m eta=134.5m
k=1000 example=168 (88/100) n_rounds=4 sum=24 dt=62.9s elapsed=870.0m eta=122.8m
k=1000 example=169 (89/100) n_rounds=6 sum=26 dt=94.2s elapsed=871.6m eta=111.5m
k=1000 example=170 (90/100) n_rounds=5 sum=24 dt=78.5s elapsed=872.9m eta=100.3m
k=1000 example=171 (91/100) n_rounds=8 sum=37 dt=125.6s elapsed=875.0m eta=89.5m
k=1000 example=172 (92/100) n_rounds=6 sum=23 dt=94.1s elapsed=876.5m eta=78.8m
k=1000 example=173 (93/100) n_rounds=7 sum=42 dt=109.9s elapsed=878.4m eta=68.3m
k=1000 example=174 (94/100) n_rounds=4 sum=11 dt=62.8s elapsed=879.4m eta=58.0m
k=1000 example=175 (95/100) n_rounds=3 sum=13 dt=47.1s elapsed=880.2m eta=47.8m
k=1000 example=176 (96/100) n_rounds=4 sum=24 dt=62.8s elapsed=881.2m eta=37.9m
k=1000 example=177 (97/100) n_rounds=6 sum=29 dt=94.2s elapsed=882.8m eta=28.2m
k=1000 example=178 (98/100) n_rounds=8 sum=41 dt=125.7s elapsed=884.9m eta=18.6m
k=1000 example=179 (99/100) n_rounds=9 sum=62 dt=141.7s elapsed=887.3m eta=9.2m
k=1000 example=180 (100/100) n_rounds=5 sum=14 dt=78.4s elapsed=888.6m eta=0.0m
DONE: collected 3581 per-call samples for k=1000 across 100 examples
