Loading checkpoint: /extra/ucibdl1/jcwill/ptp/checkpoints/vicuna_old/last.ckpt
Loading weights:   0%|          | 0/291 [00:00<?, ?it/s]Loading weights: 100%|██████████| 291/291 [00:00<00:00, 54583.54it/s]
The following generation flags are not valid and may be ignored: ['temperature', 'top_p']. Set `TRANSFORMERS_VERBOSITY=info` for more details.
Applying LoRA adapters
Warning: last.ckpt is newer than cached correct_count_hist.pt; using cached histogram.
k=1 example=81 (1/100) n_calls=91 sum=300
k=1 example=82 (2/100) n_calls=47 sum=186
k=1 example=83 (3/100) n_calls=76 sum=300
k=1 example=84 (4/100) n_calls=88 sum=300
k=1 example=85 (5/100) n_calls=94 sum=271
k=1 example=86 (6/100) n_calls=94 sum=300
k=1 example=87 (7/100) n_calls=99 sum=300
k=1 example=88 (8/100) n_calls=69 sum=216
k=1 example=89 (9/100) n_calls=53 sum=178
k=1 example=90 (10/100) n_calls=24 sum=87
k=1 example=91 (11/100) n_calls=83 sum=300
k=1 example=92 (12/100) n_calls=46 sum=163
k=1 example=93 (13/100) n_calls=75 sum=300
k=1 example=94 (14/100) n_calls=69 sum=300
k=1 example=95 (15/100) n_calls=61 sum=300
k=1 example=96 (16/100) n_calls=80 sum=255
k=1 example=97 (17/100) n_calls=81 sum=300
k=1 example=98 (18/100) n_calls=31 sum=94
k=1 example=99 (19/100) n_calls=59 sum=300
k=1 example=100 (20/100) n_calls=65 sum=233
k=1 example=101 (21/100) n_calls=50 sum=226
k=1 example=102 (22/100) n_calls=27 sum=106
k=1 example=103 (23/100) n_calls=57 sum=238
k=1 example=104 (24/100) n_calls=8 sum=32
k=1 example=105 (25/100) n_calls=3 sum=13
k=1 example=106 (26/100) n_calls=105 sum=300
k=1 example=107 (27/100) n_calls=3 sum=12
k=1 example=108 (28/100) n_calls=35 sum=141
k=1 example=109 (29/100) n_calls=71 sum=300
k=1 example=110 (30/100) n_calls=75 sum=300
k=1 example=111 (31/100) n_calls=79 sum=300
k=1 example=112 (32/100) n_calls=98 sum=300
k=1 example=113 (33/100) n_calls=81 sum=300
k=1 example=114 (34/100) n_calls=77 sum=300
k=1 example=115 (35/100) n_calls=65 sum=300
k=1 example=116 (36/100) n_calls=79 sum=300
k=1 example=117 (37/100) n_calls=85 sum=300
k=1 example=118 (38/100) n_calls=85 sum=300
k=1 example=119 (39/100) n_calls=76 sum=300
k=1 example=120 (40/100) n_calls=84 sum=300
k=1 example=121 (41/100) n_calls=97 sum=300
k=1 example=122 (42/100) n_calls=96 sum=300
k=1 example=123 (43/100) n_calls=87 sum=300
k=1 example=124 (44/100) n_calls=83 sum=300
k=1 example=125 (45/100) n_calls=84 sum=300
k=1 example=126 (46/100) n_calls=82 sum=300
k=1 example=127 (47/100) n_calls=85 sum=300
k=1 example=128 (48/100) n_calls=91 sum=300
k=1 example=129 (49/100) n_calls=91 sum=300
k=1 example=130 (50/100) n_calls=76 sum=300
k=1 example=131 (51/100) n_calls=31 sum=131
k=1 example=132 (52/100) n_calls=5 sum=22
k=1 example=133 (53/100) n_calls=30 sum=125
k=1 example=134 (54/100) n_calls=79 sum=300
k=1 example=135 (55/100) n_calls=17 sum=78
k=1 example=136 (56/100) n_calls=4 sum=23
k=1 example=137 (57/100) n_calls=17 sum=62
k=1 example=138 (58/100) n_calls=35 sum=131
k=1 example=139 (59/100) n_calls=69 sum=257
k=1 example=140 (60/100) n_calls=60 sum=300
k=1 example=141 (61/100) n_calls=65 sum=264
k=1 example=142 (62/100) n_calls=82 sum=300
k=1 example=143 (63/100) n_calls=53 sum=300
k=1 example=144 (64/100) n_calls=62 sum=300
k=1 example=145 (65/100) n_calls=83 sum=300
k=1 example=146 (66/100) n_calls=80 sum=300
k=1 example=147 (67/100) n_calls=85 sum=300
k=1 example=148 (68/100) n_calls=81 sum=300
k=1 example=149 (69/100) n_calls=63 sum=300
k=1 example=150 (70/100) n_calls=77 sum=300
k=1 example=151 (71/100) n_calls=66 sum=300
k=1 example=152 (72/100) n_calls=86 sum=300
k=1 example=153 (73/100) n_calls=76 sum=300
k=1 example=154 (74/100) n_calls=72 sum=300
k=1 example=155 (75/100) n_calls=83 sum=300
k=1 example=156 (76/100) n_calls=87 sum=300
k=1 example=157 (77/100) n_calls=78 sum=300
k=1 example=158 (78/100) n_calls=82 sum=300
k=1 example=159 (79/100) n_calls=77 sum=300
k=1 example=160 (80/100) n_calls=73 sum=300
k=1 example=161 (81/100) n_calls=34 sum=119
k=1 example=162 (82/100) n_calls=11 sum=35
k=1 example=163 (83/100) n_calls=13 sum=39
k=1 example=164 (84/100) n_calls=3 sum=12
k=1 example=165 (85/100) n_calls=6 sum=15
k=1 example=166 (86/100) n_calls=13 sum=53
k=1 example=167 (87/100) n_calls=8 sum=29
k=1 example=168 (88/100) n_calls=4 sum=23
k=1 example=169 (89/100) n_calls=9 sum=27
k=1 example=170 (90/100) n_calls=9 sum=22
k=1 example=171 (91/100) n_calls=20 sum=71
k=1 example=172 (92/100) n_calls=14 sum=44
k=1 example=173 (93/100) n_calls=110 sum=300
k=1 example=174 (94/100) n_calls=4 sum=11
k=1 example=175 (95/100) n_calls=2 sum=11
k=1 example=176 (96/100) n_calls=22 sum=72
k=1 example=177 (97/100) n_calls=85 sum=300
k=1 example=178 (98/100) n_calls=12 sum=43
k=1 example=179 (99/100) n_calls=15 sum=60
k=1 example=180 (100/100) n_calls=7 sum=15
DONE: collected 5759 per-call samples for k=1
