Loading checkpoint: /extra/ucibdl1/jcwill/ptp/checkpoints/vicuna_old/last.ckpt
Loading weights:   0%|          | 0/291 [00:00<?, ?it/s]Loading weights: 100%|██████████| 291/291 [00:00<00:00, 37101.94it/s]
The following generation flags are not valid and may be ignored: ['temperature', 'top_p']. Set `TRANSFORMERS_VERBOSITY=info` for more details.
Applying LoRA adapters
Warning: last.ckpt is newer than cached correct_count_hist.pt; using cached histogram.
k=1000 example=81 (1/100) n_rounds=58 sum=300 dt=628.9s elapsed=10.5m eta=1037.7m
k=1000 example=82 (2/100) n_rounds=35 sum=170 dt=387.5s elapsed=16.9m eta=830.0m
k=1000 example=83 (3/100) n_rounds=55 sum=300 dt=602.5s elapsed=27.0m eta=872.4m
k=1000 example=84 (4/100) n_rounds=65 sum=300 dt=704.1s elapsed=38.7m eta=929.2m
k=1000 example=85 (5/100) n_rounds=49 sum=231 dt=545.8s elapsed=47.8m eta=908.5m
k=1000 example=86 (6/100) n_rounds=59 sum=300 dt=648.5s elapsed=58.6m eta=918.4m
k=1000 example=87 (7/100) n_rounds=75 sum=300 dt=796.0s elapsed=71.9m eta=955.1m
k=1000 example=88 (8/100) n_rounds=78 sum=300 dt=823.5s elapsed=85.6m eta=984.6m
k=1000 example=89 (9/100) n_rounds=25 sum=115 dt=275.9s elapsed=90.2m eta=912.2m
k=1000 example=90 (10/100) n_rounds=15 sum=86 dt=165.6s elapsed=93.0m eta=836.8m
k=1000 example=91 (11/100) n_rounds=19 sum=89 dt=208.9s elapsed=96.5m eta=780.4m
k=1000 example=92 (12/100) n_rounds=45 sum=234 dt=497.1s elapsed=104.7m eta=768.1m
k=1000 example=93 (13/100) n_rounds=54 sum=300 dt=582.9s elapsed=114.5m eta=766.0m
k=1000 example=94 (14/100) n_rounds=43 sum=300 dt=473.1s elapsed=122.3m eta=751.5m
k=1000 example=95 (15/100) n_rounds=53 sum=300 dt=578.8s elapsed=132.0m eta=747.9m
k=1000 example=96 (16/100) n_rounds=51 sum=299 dt=557.0s elapsed=141.3m eta=741.7m
k=1000 example=97 (17/100) n_rounds=55 sum=300 dt=599.2s elapsed=151.3m eta=738.5m
k=1000 example=98 (18/100) n_rounds=54 sum=257 dt=595.3s elapsed=161.2m eta=734.3m
k=1000 example=99 (19/100) n_rounds=43 sum=300 dt=472.0s elapsed=169.0m eta=720.7m
k=1000 example=100 (20/100) n_rounds=52 sum=293 dt=570.8s elapsed=178.6m eta=714.2m
k=1000 example=101 (21/100) n_rounds=44 sum=300 dt=468.2s elapsed=186.4m eta=701.1m
k=1000 example=102 (22/100) n_rounds=24 sum=134 dt=264.7s elapsed=190.8m eta=676.4m
k=1000 example=103 (23/100) n_rounds=46 sum=300 dt=489.7s elapsed=198.9m eta=666.0m
k=1000 example=104 (24/100) n_rounds=6 sum=33 dt=66.2s elapsed=200.0m eta=633.5m
k=1000 example=105 (25/100) n_rounds=2 sum=13 dt=22.5s elapsed=200.4m eta=601.3m
k=1000 example=106 (26/100) n_rounds=37 sum=300 dt=406.3s elapsed=207.2m eta=589.7m
k=1000 example=107 (27/100) n_rounds=2 sum=12 dt=22.1s elapsed=207.6m eta=561.2m
k=1000 example=108 (28/100) n_rounds=16 sum=84 dt=176.4s elapsed=210.5m eta=541.3m
k=1000 example=109 (29/100) n_rounds=52 sum=300 dt=544.4s elapsed=219.6m eta=537.6m
k=1000 example=110 (30/100) n_rounds=49 sum=300 dt=537.4s elapsed=228.5m eta=533.2m
k=1000 example=111 (31/100) n_rounds=51 sum=300 dt=538.7s elapsed=237.5m eta=528.6m
k=1000 example=112 (32/100) n_rounds=59 sum=300 dt=624.7s elapsed=247.9m eta=526.8m
k=1000 example=113 (33/100) n_rounds=44 sum=244 dt=487.7s elapsed=256.0m eta=519.9m
k=1000 example=114 (34/100) n_rounds=47 sum=277 dt=517.7s elapsed=264.7m eta=513.8m
k=1000 example=115 (35/100) n_rounds=39 sum=300 dt=427.3s elapsed=271.8m eta=504.8m
k=1000 example=116 (36/100) n_rounds=57 sum=300 dt=604.2s elapsed=281.9m eta=501.1m
k=1000 example=117 (37/100) n_rounds=54 sum=300 dt=574.5s elapsed=291.4m eta=496.2m
k=1000 example=118 (38/100) n_rounds=27 sum=162 dt=298.3s elapsed=296.4m eta=483.6m
k=1000 example=119 (39/100) n_rounds=54 sum=300 dt=593.6s elapsed=306.3m eta=479.1m
k=1000 example=120 (40/100) n_rounds=51 sum=300 dt=561.9s elapsed=315.7m eta=473.5m
k=1000 example=121 (41/100) n_rounds=80 sum=300 dt=866.0s elapsed=330.1m eta=475.0m
k=1000 example=122 (42/100) n_rounds=71 sum=300 dt=761.5s elapsed=342.8m eta=473.4m
k=1000 example=123 (43/100) n_rounds=64 sum=300 dt=683.5s elapsed=354.2m eta=469.5m
k=1000 example=124 (44/100) n_rounds=29 sum=174 dt=322.1s elapsed=359.6m eta=457.6m
k=1000 example=125 (45/100) n_rounds=65 sum=300 dt=695.2s elapsed=371.1m eta=453.6m
k=1000 example=126 (46/100) n_rounds=71 sum=300 dt=770.8s elapsed=384.0m eta=450.8m
k=1000 example=127 (47/100) n_rounds=60 sum=300 dt=643.2s elapsed=394.7m eta=445.1m
k=1000 example=128 (48/100) n_rounds=60 sum=300 dt=648.4s elapsed=405.5m eta=439.3m
k=1000 example=129 (49/100) n_rounds=51 sum=300 dt=543.0s elapsed=414.6m eta=431.5m
k=1000 example=130 (50/100) n_rounds=75 sum=300 dt=809.5s elapsed=428.1m eta=428.1m
k=1000 example=131 (51/100) n_rounds=55 sum=300 dt=590.8s elapsed=437.9m eta=420.7m
k=1000 example=132 (52/100) n_rounds=3 sum=18 dt=33.6s elapsed=438.5m eta=404.7m
k=1000 example=133 (53/100) n_rounds=20 sum=122 dt=225.6s elapsed=442.2m eta=392.2m
k=1000 example=134 (54/100) n_rounds=59 sum=300 dt=654.2s elapsed=453.1m eta=386.0m
k=1000 example=135 (55/100) n_rounds=18 sum=106 dt=201.0s elapsed=456.5m eta=373.5m
k=1000 example=136 (56/100) n_rounds=4 sum=17 dt=44.9s elapsed=457.2m eta=359.3m
k=1000 example=137 (57/100) n_rounds=16 sum=75 dt=178.8s elapsed=460.2m eta=347.2m
k=1000 example=138 (58/100) n_rounds=61 sum=300 dt=683.0s elapsed=471.6m eta=341.5m
k=1000 example=139 (59/100) n_rounds=67 sum=300 dt=728.7s elapsed=483.7m eta=336.2m
k=1000 example=140 (60/100) n_rounds=35 sum=300 dt=379.0s elapsed=490.1m eta=326.7m
k=1000 example=141 (61/100) n_rounds=44 sum=300 dt=481.1s elapsed=498.1m eta=318.4m
k=1000 example=142 (62/100) n_rounds=44 sum=286 dt=489.8s elapsed=506.2m eta=310.3m
k=1000 example=143 (63/100) n_rounds=38 sum=300 dt=410.9s elapsed=513.1m eta=301.3m
k=1000 example=144 (64/100) n_rounds=55 sum=300 dt=592.7s elapsed=523.0m eta=294.2m
k=1000 example=145 (65/100) n_rounds=53 sum=300 dt=578.7s elapsed=532.6m eta=286.8m
k=1000 example=146 (66/100) n_rounds=51 sum=300 dt=554.7s elapsed=541.9m eta=279.1m
k=1000 example=147 (67/100) n_rounds=56 sum=300 dt=599.0s elapsed=551.8m eta=271.8m
k=1000 example=148 (68/100) n_rounds=53 sum=300 dt=569.5s elapsed=561.3m eta=264.2m
k=1000 example=149 (69/100) n_rounds=43 sum=300 dt=464.9s elapsed=569.1m eta=255.7m
k=1000 example=150 (70/100) n_rounds=48 sum=300 dt=521.8s elapsed=577.8m eta=247.6m
k=1000 example=151 (71/100) n_rounds=46 sum=300 dt=495.9s elapsed=586.0m eta=239.4m
k=1000 example=152 (72/100) n_rounds=34 sum=226 dt=377.5s elapsed=592.3m eta=230.4m
k=1000 example=153 (73/100) n_rounds=54 sum=300 dt=575.2s elapsed=601.9m eta=222.6m
k=1000 example=154 (74/100) n_rounds=55 sum=300 dt=599.8s elapsed=611.9m eta=215.0m
k=1000 example=155 (75/100) n_rounds=47 sum=300 dt=512.2s elapsed=620.5m eta=206.8m
k=1000 example=156 (76/100) n_rounds=54 sum=300 dt=584.2s elapsed=630.2m eta=199.0m
k=1000 example=157 (77/100) n_rounds=58 sum=300 dt=629.2s elapsed=640.7m eta=191.4m
k=1000 example=158 (78/100) n_rounds=42 sum=233 dt=466.8s elapsed=648.5m eta=182.9m
k=1000 example=159 (79/100) n_rounds=49 sum=300 dt=531.2s elapsed=657.3m eta=174.7m
k=1000 example=160 (80/100) n_rounds=53 sum=300 dt=562.7s elapsed=666.7m eta=166.7m
k=1000 example=161 (81/100) n_rounds=22 sum=89 dt=243.4s elapsed=670.7m eta=157.3m
k=1000 example=162 (82/100) n_rounds=8 sum=33 dt=88.3s elapsed=672.2m eta=147.6m
k=1000 example=163 (83/100) n_rounds=10 sum=41 dt=110.3s elapsed=674.1m eta=138.1m
k=1000 example=164 (84/100) n_rounds=2 sum=10 dt=22.1s elapsed=674.4m eta=128.5m
k=1000 example=165 (85/100) n_rounds=46 sum=273 dt=508.9s elapsed=682.9m eta=120.5m
k=1000 example=166 (86/100) n_rounds=8 sum=55 dt=88.3s elapsed=684.4m eta=111.4m
k=1000 example=167 (87/100) n_rounds=5 sum=28 dt=55.3s elapsed=685.3m eta=102.4m
k=1000 example=168 (88/100) n_rounds=4 sum=23 dt=44.2s elapsed=686.0m eta=93.6m
k=1000 example=169 (89/100) n_rounds=7 sum=26 dt=77.2s elapsed=687.3m eta=85.0m
k=1000 example=170 (90/100) n_rounds=4 sum=22 dt=44.2s elapsed=688.1m eta=76.5m
k=1000 example=171 (91/100) n_rounds=6 sum=37 dt=66.5s elapsed=689.2m eta=68.2m
k=1000 example=172 (92/100) n_rounds=24 sum=85 dt=264.3s elapsed=693.6m eta=60.3m
k=1000 example=173 (93/100) n_rounds=50 sum=300 dt=528.4s elapsed=702.4m eta=52.9m
k=1000 example=174 (94/100) n_rounds=3 sum=11 dt=33.4s elapsed=702.9m eta=44.9m
k=1000 example=175 (95/100) n_rounds=2 sum=11 dt=22.3s elapsed=703.3m eta=37.0m
k=1000 example=176 (96/100) n_rounds=14 sum=77 dt=154.9s elapsed=705.9m eta=29.4m
k=1000 example=177 (97/100) n_rounds=53 sum=300 dt=566.6s elapsed=715.3m eta=22.1m
k=1000 example=178 (98/100) n_rounds=21 sum=114 dt=232.2s elapsed=719.2m eta=14.7m
k=1000 example=179 (99/100) n_rounds=10 sum=60 dt=110.7s elapsed=721.0m eta=7.3m
k=1000 example=180 (100/100) n_rounds=6 sum=17 dt=66.4s elapsed=722.2m eta=0.0m
DONE: collected 3990 per-call samples for k=1000 across 100 examples
