Loading checkpoint: /extra/ucibdl1/jcwill/ptp/checkpoints/vicuna/last.ckpt
Loading weights:   0%|          | 0/291 [00:00<?, ?it/s]Loading weights: 100%|██████████| 291/291 [00:00<00:00, 54634.85it/s]
The following generation flags are not valid and may be ignored: ['temperature', 'top_p']. Set `TRANSFORMERS_VERBOSITY=info` for more details.
Applying LoRA adapters
Loading hist_base from cache: /extra/ucibdl1/jcwill/ptp/checkpoints/vicuna/correct_count_hist.pt
k=1000 example=81 (1/100) n_rounds=60 sum=301 dt=944.5s elapsed=15.7m eta=1558.4m
k=1000 example=82 (2/100) n_rounds=21 sum=156 dt=330.2s elapsed=21.2m eta=1041.0m
k=1000 example=83 (3/100) n_rounds=59 sum=300 dt=930.6s elapsed=36.8m eta=1188.4m
k=1000 example=84 (4/100) n_rounds=58 sum=302 dt=914.3s elapsed=52.0m eta=1247.8m
k=1000 example=85 (5/100) n_rounds=75 sum=302 dt=1182.1s elapsed=71.7m eta=1362.2m
k=1000 example=86 (6/100) n_rounds=77 sum=303 dt=1212.7s elapsed=91.9m eta=1439.9m
k=1000 example=87 (7/100) n_rounds=65 sum=300 dt=1023.1s elapsed=109.0m eta=1447.6m
k=1000 example=88 (8/100) n_rounds=28 sum=123 dt=438.7s elapsed=116.3m eta=1337.1m
k=1000 example=89 (9/100) n_rounds=29 sum=146 dt=455.0s elapsed=123.9m eta=1252.3m
k=1000 example=90 (10/100) n_rounds=14 sum=91 dt=220.2s elapsed=127.5m eta=1147.7m
k=1000 example=91 (11/100) n_rounds=50 sum=251 dt=785.7s elapsed=140.6m eta=1137.7m
k=1000 example=92 (12/100) n_rounds=25 sum=97 dt=391.8s elapsed=147.1m eta=1079.1m
k=1000 example=93 (13/100) n_rounds=62 sum=304 dt=979.5s elapsed=163.5m eta=1094.0m
k=1000 example=94 (14/100) n_rounds=17 sum=81 dt=267.3s elapsed=167.9m eta=1031.5m
k=1000 example=95 (15/100) n_rounds=25 sum=108 dt=393.6s elapsed=174.5m eta=988.8m
k=1000 example=96 (16/100) n_rounds=39 sum=234 dt=612.9s elapsed=184.7m eta=969.7m
k=1000 example=97 (17/100) n_rounds=51 sum=304 dt=805.0s elapsed=198.1m eta=967.3m
k=1000 example=98 (18/100) n_rounds=22 sum=88 dt=344.9s elapsed=203.9m eta=928.7m
k=1000 example=99 (19/100) n_rounds=29 sum=143 dt=454.8s elapsed=211.4m eta=901.4m
k=1000 example=100 (20/100) n_rounds=26 sum=117 dt=407.6s elapsed=218.2m eta=873.0m
k=1000 example=101 (21/100) n_rounds=6 sum=37 dt=93.9s elapsed=219.8m eta=826.9m
k=1000 example=102 (22/100) n_rounds=2 sum=12 dt=31.4s elapsed=220.3m eta=781.2m
k=1000 example=103 (23/100) n_rounds=36 sum=229 dt=565.1s elapsed=229.7m eta=769.1m
k=1000 example=104 (24/100) n_rounds=8 sum=33 dt=125.0s elapsed=231.8m eta=734.1m
k=1000 example=105 (25/100) n_rounds=2 sum=13 dt=31.8s elapsed=232.4m eta=697.1m
k=1000 example=106 (26/100) n_rounds=13 sum=77 dt=203.9s elapsed=235.8m eta=671.0m
k=1000 example=107 (27/100) n_rounds=2 sum=12 dt=31.4s elapsed=236.3m eta=638.8m
k=1000 example=108 (28/100) n_rounds=19 sum=97 dt=297.2s elapsed=241.2m eta=620.3m
k=1000 example=109 (29/100) n_rounds=26 sum=137 dt=407.6s elapsed=248.0m eta=607.2m
k=1000 example=110 (30/100) n_rounds=19 sum=101 dt=298.9s elapsed=253.0m eta=590.4m
k=1000 example=111 (31/100) n_rounds=27 sum=218 dt=424.0s elapsed=260.1m eta=578.9m
k=1000 example=112 (32/100) n_rounds=10 sum=83 dt=156.6s elapsed=262.7m eta=558.2m
k=1000 example=113 (33/100) n_rounds=48 sum=300 dt=755.5s elapsed=275.3m eta=558.9m
k=1000 example=114 (34/100) n_rounds=24 sum=225 dt=376.6s elapsed=281.6m eta=546.6m
k=1000 example=115 (35/100) n_rounds=5 sum=27 dt=78.4s elapsed=282.9m eta=525.3m
k=1000 example=116 (36/100) n_rounds=46 sum=276 dt=722.6s elapsed=294.9m eta=524.3m
k=1000 example=117 (37/100) n_rounds=32 sum=190 dt=501.9s elapsed=303.3m eta=516.4m
k=1000 example=118 (38/100) n_rounds=33 sum=200 dt=517.8s elapsed=311.9m eta=508.9m
k=1000 example=119 (39/100) n_rounds=21 sum=146 dt=330.0s elapsed=317.4m eta=496.5m
k=1000 example=120 (40/100) n_rounds=17 sum=138 dt=266.6s elapsed=321.8m eta=482.8m
k=1000 example=121 (41/100) n_rounds=39 sum=300 dt=614.0s elapsed=332.1m eta=477.9m
k=1000 example=122 (42/100) n_rounds=34 sum=300 dt=535.7s elapsed=341.0m eta=470.9m
k=1000 example=123 (43/100) n_rounds=34 sum=308 dt=535.7s elapsed=349.9m eta=463.9m
k=1000 example=124 (44/100) n_rounds=24 sum=256 dt=381.1s elapsed=356.3m eta=453.5m
k=1000 example=125 (45/100) n_rounds=41 sum=302 dt=645.5s elapsed=367.0m eta=448.6m
k=1000 example=126 (46/100) n_rounds=44 sum=302 dt=691.8s elapsed=378.6m eta=444.4m
k=1000 example=127 (47/100) n_rounds=45 sum=302 dt=707.2s elapsed=390.4m eta=440.2m
k=1000 example=128 (48/100) n_rounds=36 sum=277 dt=565.9s elapsed=399.8m eta=433.1m
k=1000 example=129 (49/100) n_rounds=42 sum=273 dt=660.6s elapsed=410.8m eta=427.6m
k=1000 example=130 (50/100) n_rounds=37 sum=291 dt=582.5s elapsed=420.5m eta=420.5m
k=1000 example=131 (51/100) n_rounds=15 sum=182 dt=237.5s elapsed=424.5m eta=407.8m
k=1000 example=132 (52/100) n_rounds=3 sum=18 dt=47.5s elapsed=425.3m eta=392.6m
k=1000 example=133 (53/100) n_rounds=11 sum=122 dt=176.1s elapsed=428.2m eta=379.7m
k=1000 example=134 (54/100) n_rounds=6 sum=47 dt=95.0s elapsed=429.8m eta=366.1m
k=1000 example=135 (55/100) n_rounds=9 sum=81 dt=142.2s elapsed=432.2m eta=353.6m
k=1000 example=136 (56/100) n_rounds=3 sum=15 dt=47.7s elapsed=432.9m eta=340.2m
k=1000 example=137 (57/100) n_rounds=8 sum=75 dt=127.0s elapsed=435.1m eta=328.2m
k=1000 example=138 (58/100) n_rounds=12 sum=77 dt=191.4s elapsed=438.3m eta=317.4m
k=1000 example=139 (59/100) n_rounds=23 sum=241 dt=364.5s elapsed=444.3m eta=308.8m
k=1000 example=140 (60/100) n_rounds=24 sum=300 dt=383.8s elapsed=450.7m eta=300.5m
k=1000 example=141 (61/100) n_rounds=49 sum=302 dt=769.9s elapsed=463.6m eta=296.4m
k=1000 example=142 (62/100) n_rounds=50 sum=302 dt=785.8s elapsed=476.7m eta=292.1m
k=1000 example=143 (63/100) n_rounds=57 sum=301 dt=896.3s elapsed=491.6m eta=288.7m
k=1000 example=144 (64/100) n_rounds=49 sum=252 dt=768.4s elapsed=504.4m eta=283.7m
k=1000 example=145 (65/100) n_rounds=60 sum=302 dt=943.8s elapsed=520.1m eta=280.1m
k=1000 example=146 (66/100) n_rounds=44 sum=312 dt=691.5s elapsed=531.7m eta=273.9m
k=1000 example=147 (67/100) n_rounds=55 sum=271 dt=864.8s elapsed=546.1m eta=269.0m
k=1000 example=148 (68/100) n_rounds=53 sum=301 dt=833.7s elapsed=560.0m eta=263.5m
k=1000 example=149 (69/100) n_rounds=40 sum=304 dt=629.2s elapsed=570.4m eta=256.3m
k=1000 example=150 (70/100) n_rounds=56 sum=278 dt=880.1s elapsed=585.1m eta=250.8m
k=1000 example=151 (71/100) n_rounds=53 sum=303 dt=834.0s elapsed=599.0m eta=244.7m
k=1000 example=152 (72/100) n_rounds=52 sum=291 dt=816.3s elapsed=612.6m eta=238.2m
k=1000 example=153 (73/100) n_rounds=64 sum=307 dt=1006.1s elapsed=629.4m eta=232.8m
k=1000 example=154 (74/100) n_rounds=52 sum=311 dt=819.4s elapsed=643.0m eta=225.9m
k=1000 example=155 (75/100) n_rounds=49 sum=299 dt=769.6s elapsed=655.9m eta=218.6m
k=1000 example=156 (76/100) n_rounds=63 sum=301 dt=990.0s elapsed=672.4m eta=212.3m
k=1000 example=157 (77/100) n_rounds=40 sum=212 dt=627.2s elapsed=682.8m eta=204.0m
k=1000 example=158 (78/100) n_rounds=69 sum=302 dt=1084.4s elapsed=700.9m eta=197.7m
k=1000 example=159 (79/100) n_rounds=57 sum=295 dt=895.2s elapsed=715.8m eta=190.3m
k=1000 example=160 (80/100) n_rounds=69 sum=306 dt=1084.2s elapsed=733.9m eta=183.5m
k=1000 example=161 (81/100) n_rounds=5 sum=20 dt=78.1s elapsed=735.2m eta=172.5m
k=1000 example=162 (82/100) n_rounds=7 sum=39 dt=109.5s elapsed=737.0m eta=161.8m
k=1000 example=163 (83/100) n_rounds=8 sum=39 dt=125.1s elapsed=739.1m eta=151.4m
k=1000 example=164 (84/100) n_rounds=2 sum=10 dt=31.3s elapsed=739.6m eta=140.9m
k=1000 example=165 (85/100) n_rounds=3 sum=15 dt=47.0s elapsed=740.4m eta=130.7m
k=1000 example=166 (86/100) n_rounds=10 sum=54 dt=156.7s elapsed=743.0m eta=121.0m
k=1000 example=167 (87/100) n_rounds=5 sum=27 dt=78.1s elapsed=744.3m eta=111.2m
k=1000 example=168 (88/100) n_rounds=4 sum=24 dt=62.5s elapsed=745.4m eta=101.6m
k=1000 example=169 (89/100) n_rounds=8 sum=26 dt=124.9s elapsed=747.4m eta=92.4m
k=1000 example=170 (90/100) n_rounds=6 sum=24 dt=93.6s elapsed=749.0m eta=83.2m
k=1000 example=171 (91/100) n_rounds=6 sum=42 dt=93.9s elapsed=750.6m eta=74.2m
k=1000 example=172 (92/100) n_rounds=8 sum=21 dt=124.8s elapsed=752.7m eta=65.4m
k=1000 example=173 (93/100) n_rounds=7 sum=41 dt=109.6s elapsed=754.5m eta=56.8m
k=1000 example=174 (94/100) n_rounds=3 sum=10 dt=46.9s elapsed=755.3m eta=48.2m
k=1000 example=175 (95/100) n_rounds=3 sum=13 dt=47.0s elapsed=756.0m eta=39.8m
k=1000 example=176 (96/100) n_rounds=5 sum=29 dt=78.1s elapsed=757.3m eta=31.6m
k=1000 example=177 (97/100) n_rounds=6 sum=31 dt=93.8s elapsed=758.9m eta=23.5m
k=1000 example=178 (98/100) n_rounds=8 sum=43 dt=125.2s elapsed=761.0m eta=15.5m
k=1000 example=179 (99/100) n_rounds=12 sum=60 dt=188.2s elapsed=764.1m eta=7.7m
k=1000 example=180 (100/100) n_rounds=4 sum=17 dt=62.6s elapsed=765.2m eta=0.0m
DONE: collected 2919 per-call samples for k=1000 across 100 examples
