Loading checkpoint: /extra/ucibdl1/jcwill/ptp/checkpoints/vicuna_old/last.ckpt
Loading weights:   0%|          | 0/291 [00:00<?, ?it/s]Loading weights: 100%|██████████| 291/291 [00:00<00:00, 32160.16it/s]
The following generation flags are not valid and may be ignored: ['temperature', 'top_p']. Set `TRANSFORMERS_VERBOSITY=info` for more details.
Applying LoRA adapters
Warning: last.ckpt is newer than cached correct_count_hist.pt; using cached histogram.

======================== PROMPT 0 ========================

seq-ptp-self-tok: correct_per_call=3.571 num_calls=42
  per-round accepted (first 20): [2, 5, 3, 3, 2, 2, 4, 9, 2, 2, 2, 2, 2, 6, 4, 2, 4, 2, 6, 2]
  mean=3.571 median=2.5 max=14 min=1

ptp_self: correct_per_call=8.211 num_calls=19
  per-round accepted (first 20): [1, 1, 6, 1, 2, 1, 1, 7, 1, 6, 6, 3, 20, 2, 18, 20, 20, 20, 20]
  mean=8.211 median=6 max=20 min=1
  proposals() calls (n_buckets, sum_B, max_B), first 10: [(20, 120, 20), (20, 120, 20), (20, 120, 20), (20, 120, 20), (20, 120, 20), (20, 120, 20), (20, 120, 20), (20, 120, 20), (20, 120, 20), (20, 120, 20)]
  sum(B) stats: mean=120.0 min=120 max=120

======================== PROMPT 1 ========================

seq-ptp-self-tok: correct_per_call=2.696 num_calls=56
  per-round accepted (first 20): [4, 3, 3, 2, 2, 4, 2, 2, 3, 3, 5, 3, 2, 2, 2, 3, 2, 2, 2, 2]
  mean=2.696 median=2.0 max=8 min=1

ptp_self: correct_per_call=1.875 num_calls=80
  per-round accepted (first 20): [1, 3, 1, 2, 3, 1, 1, 1, 2, 2, 1, 4, 2, 3, 2, 2, 1, 4, 1, 2]
  mean=1.875 median=1.0 max=6 min=1
  proposals() calls (n_buckets, sum_B, max_B), first 10: [(20, 120, 20), (20, 120, 20), (20, 120, 20), (20, 120, 20), (20, 120, 20), (20, 120, 20), (20, 120, 20), (20, 120, 20), (20, 120, 20), (20, 120, 20)]
  sum(B) stats: mean=120.0 min=120 max=120

======================== PROMPT 2 ========================

seq-ptp-self-tok: correct_per_call=4.314 num_calls=35
  per-round accepted (first 20): [2, 8, 2, 4, 5, 2, 2, 4, 14, 13, 3, 1, 2, 3, 4, 2, 4, 4, 3, 2]
  mean=4.314 median=3 max=14 min=1

ptp_self: correct_per_call=2.923 num_calls=52
  per-round accepted (first 20): [1, 7, 3, 1, 1, 6, 2, 3, 5, 1, 4, 6, 1, 10, 1, 17, 1, 2, 1, 1]
  mean=2.923 median=2.0 max=17 min=1
  proposals() calls (n_buckets, sum_B, max_B), first 10: [(20, 120, 20), (20, 120, 20), (20, 120, 20), (20, 120, 20), (20, 120, 20), (20, 120, 20), (20, 120, 20), (20, 120, 20), (20, 120, 20), (20, 120, 20)]
  sum(B) stats: mean=120.0 min=120 max=120
